Embedding file: /home/hberens/openfhe/naive_rag/query_embedding.txt
Faiss file: /home/hberens/openfhe/naive_rag/timing_experiments/experiment_01/subset.faiss
Database file: /home/hberens/openfhe/naive_rag/timing_experiments/experiment_01/subset.csv
Index loaded successfully!
Number of vectors: 10
Dimension: 768
Is trained: yes
Generating key pair... 
Generating mult keys... 
Generating sum keys... 
Generating rotation keys... 
CKKS scheme set up (depth = 21, batch size = 32768)
Configured DB size: 10
Distance threshold: 0.61
Processing vector 0 / 10

Timing summary (encrypted pipeline)
  Running total (start -> encrypted output): 54204 ms
  Initialization (query encrypt + query/db squaring + -2 vector prep): 139 ms
  Distance calculation (-2<d,e> + d^2 + e^2, no sq/encrypt/decrypt): 311 ms
  Thresholding: 33511 ms
Threshold agreement: 10 / 10 (100%)
Number of solutions 0
0
0
0
0
0
0
0
0
0
0

Top 10 nearest neighbors:
  ID: 5 Dino Sean Babers (born July 19, 1961) is an American football coach. He was most recently the offens
  ID: 9 Toto is an American rock band formed in Los Angeles, California, in 1977. Toto combines elements of 
  ID: 8 Joseph Frank Pesci ( , ; born February 9, 1943) is an American actor, comedian, and musician. He is 
  ID: 4 Thomas Frank (; born 9 October 1973) is a Danish professional football coach and former amateur play
  ID: 7 Jeremiyah Darnell Love (born May 31, 2005) is an American college football running back for the Notr
  ID: 1 Michael George Vrabel ( ; born August 14, 1975) is an American professional football coach and forme
  ID: 2 Fianna Fáil ( ; ; meaning "Soldiers of Destiny" or "Warriors of Fál"), officially Fianna Fáil – The 
  ID: 3 Katherine Victoria Litwack (born June 13, 1986), known professionally as Kat Dennings, is an America
  ID: 6 Heath Andrew Ledger (4 April 1979 – 22 January 2008) was an Australian actor. After playing roles in
  ID: 0 Emmanuel Forbes Jr. (born January 13, 2001) is an American professional football cornerback for the 
