Embedding file: /home/hberens/openfhe/naive_rag/query_embedding.txt
Faiss file: /home/hberens/openfhe/naive_rag/timing_experiments/experiment_06/subset.faiss
Database file: /home/hberens/openfhe/naive_rag/timing_experiments/experiment_06/subset.csv
Index loaded successfully!
Number of vectors: 10
Dimension: 768
Is trained: yes
Generating key pair... 
Generating mult keys... 
Generating sum keys... 
Generating rotation keys... 
CKKS scheme set up (depth = 21, batch size = 32768)
Configured DB size: 10
Distance threshold: 0.61
Processing vector 0 / 10

Timing summary (encrypted pipeline)
  Running total (start -> encrypted output): 54364 ms
  Initialization (query encrypt + query/db squaring + -2 vector prep): 135 ms
  Distance calculation (-2<d,e> + d^2 + e^2, no sq/encrypt/decrypt): 322 ms
  Thresholding: 33653 ms
Threshold agreement: 10 / 10 (100%)
Number of solutions 0
0
0
0
0
0
0
0
0
0
0

Top 10 nearest neighbors:
  ID: 8 William Cullen Hart (June 14, 1971 – November 29, 2024) was an American musician, singer, songwriter
  ID: 1 Mario Manuel Cristobal (born September 24, 1970) is an American college football coach who is the he
  ID: 5 Major General Maher Hafez al-Assad (, born 8 December 1967) is a Syrian former military officer who 
  ID: 4 Constantine ( ) is a 2005 American supernatural film directed by Francis Lawrence in his directorial
  ID: 7 Bonnie Bedelia (born Bonnie Bedelia Culkin; March 25, 1948) is an American actress. After beginning 
  ID: 2 Henry William Dalgliesh Cavill ( ; born 5 May 1983) is a British actor. He gained worldwide recognit
  ID: 9 The Labour Party (, ) is a centre-left and social democratic political party in the Republic of Irel
  ID: 0 Jonathan Stuart Bailey (born 25 April 1988) is an English actor known for his dramatic, comedic, and
  ID: 3 Barry Hawkins (born 23 April 1979) is an English professional snooker player from Ditton, Kent. He t
  ID: 6 Zoë Kravitz (born December 1, 1988) is an American actress and filmmaker. She made her acting debut 
