Embedding file: /home/hberens/openfhe/naive_rag/query_embedding.txt
Faiss file: /home/hberens/openfhe/naive_rag/timing_experiments/experiment_04/subset.faiss
Database file: /home/hberens/openfhe/naive_rag/timing_experiments/experiment_04/subset.csv
Index loaded successfully!
Number of vectors: 10
Dimension: 768
Is trained: yes
Generating key pair... 
Generating mult keys... 
Generating sum keys... 
Generating rotation keys... 
CKKS scheme set up (depth = 21, batch size = 32768)
Configured DB size: 10
Distance threshold: 0.61
Processing vector 0 / 10

Timing summary (encrypted pipeline)
  Running total (start -> encrypted output): 53963 ms
  Initialization (query encrypt + query/db squaring + -2 vector prep): 134 ms
  Distance calculation (-2<d,e> + d^2 + e^2, no sq/encrypt/decrypt): 313 ms
  Thresholding: 33408 ms
Threshold agreement: 10 / 10 (100%)
Number of solutions 0
0
0
0
0
0
0
0
0
0
0

Top 10 nearest neighbors:
  ID: 0 Ethan Samuel Slater (born June 2, 1992) is an American actor and singer. He played the character of 
  ID: 9 Jesse Woodson James (September 5, 1847April 3, 1882) was an American outlaw, bank and train robber, 
  ID: 2 Justin Dean Kluivert (born 5 May 1999) is a Dutch professional footballer who plays as a winger or f
  ID: 8 Sophia Anna Bush (born July 8, 1982) is an American actress. She starred as Brooke Davis in The WB/C
  ID: 4 Emily Olivia Laura Blunt (born 23 February 1983) is a British actress. She is the recipient of sever
  ID: 1 Matt Eberflus ( ; born May 17, 1970) is an American professional football coach who is the defensive
  ID: 3 Alexander Nahuel Barboza Ullúa (born 16 March 1995) is a professional footballer who plays as a cent
  ID: 6 Bill Istvan Günther Skarsgård (; born 9 August 1990) is a Swedish actor. He is known for portraying 
  ID: 7 Samuel Hartman (born July 29, 1999) is an American professional football quarterback for the Washing
  ID: 5 The family of Donald Trump, the 45th and 47th president of the United States and owner of the Trump 
