Embedding file: /home/hberens/openfhe/naive_rag/query_embedding.txt
Faiss file: /home/hberens/openfhe/naive_rag/timing_experiments/experiment_02/subset.faiss
Database file: /home/hberens/openfhe/naive_rag/timing_experiments/experiment_02/subset.csv
Index loaded successfully!
Number of vectors: 10
Dimension: 768
Is trained: yes
Generating key pair... 
Generating mult keys... 
Generating sum keys... 
Generating rotation keys... 
CKKS scheme set up (depth = 21, batch size = 32768)
Configured DB size: 10
Distance threshold: 0.61
Processing vector 0 / 10

Timing summary (encrypted pipeline)
  Running total (start -> encrypted output): 54085 ms
  Initialization (query encrypt + query/db squaring + -2 vector prep): 135 ms
  Distance calculation (-2<d,e> + d^2 + e^2, no sq/encrypt/decrypt): 314 ms
  Thresholding: 33495 ms
Threshold agreement: 10 / 10 (100%)
Number of solutions 0
0
0
0
0
0
0
0
0
0
0

Top 10 nearest neighbors:
  ID: 1 Will Howard (born September 24, 2001) is an American football quarterback for the Ohio State Buckeye
  ID: 8 Fyodor Mikhailovich Dostoevsky () was a Russian novelist, short story writer, essayist and journalis
  ID: 9 Mara Elizabeth Wilson (born July 24, 1987) is an American actress. As a child, she played Natalie Hi
  ID: 2 Quinn Tucker Ewers (born March 15, 2003) is an American football quarterback. He played college foot
  ID: 3 Alain Marie Pascal Prost (; born 24 February 1955) is a French former racing driver and motorsport e
  ID: 5 Kristoffer Kristofferson (June 22, 1936 – September 28, 2024) was an American singer, songwriter, an
  ID: 6 Justin Robert Currie (born 11 December 1964) is a Scottish singer and songwriter best known as a fou
  ID: 0 Jayden Ikaika Maiava is an American college football quarterback for the USC Trojans. He previously 
  ID: 7 The Heisman Memorial Trophy ( ; also known simply as the Heisman) is awarded annually since 1935 to 
  ID: 4 Chadwick Aaron Boseman (; November 29, 1976August 28, 2020) was an American actor. Through his two-d
