Embedding file: /home/hberens/openfhe/naive_rag/query_embedding.txt
Faiss file: /home/hberens/openfhe/naive_rag/timing_experiments/experiment_10/subset.faiss
Database file: /home/hberens/openfhe/naive_rag/timing_experiments/experiment_10/subset.csv
Index loaded successfully!
Number of vectors: 10
Dimension: 768
Is trained: yes
Generating key pair... 
Generating mult keys... 
Generating sum keys... 
Generating rotation keys... 
CKKS scheme set up (depth = 21, batch size = 32768)
Configured DB size: 10
Distance threshold: 0.61
Processing vector 0 / 10

Timing summary (encrypted pipeline)
  Running total (start -> encrypted output): 54486 ms
  Initialization (query encrypt + query/db squaring + -2 vector prep): 136 ms
  Distance calculation (-2<d,e> + d^2 + e^2, no sq/encrypt/decrypt): 316 ms
  Thresholding: 33724 ms
Threshold agreement: 10 / 10 (100%)
Number of solutions 0
0
0
0
0
0
0
0
0
0
0

Top 10 nearest neighbors:
  ID: 7 James VI and I (James Charles Stuart; 19 June 1566 – 27 March 1625) was King of Scotland as James VI
  ID: 8 Jonathan Gregory Brandis (April 13, 1976 – November 12, 2003) was an American actor. Beginning his c
  ID: 5 The 2026 Royal Rumble, also promoted as Royal Rumble: Riyadh, is an upcoming professional wrestling 
  ID: 0 Robert Cory Bryar (December 31, 1979 – November 24, 2024) was an American musician and sound enginee
  ID: 4 Marvel Rivals (漫威争锋) is a 2024 third-person hero shooter video game developed and published by NetEa
  ID: 6 Henry Joseph Darger Jr. ( ; April 12, 1892 – April 13, 1973) was an American writer, novelist and ar
  ID: 2 Dietrich Bonhoeffer (; 4 February 1906 – 9 April 1945) was a German Lutheran pastor, neo-orthodox th
  ID: 3 Spotify Wrapped is a viral marketing campaign by Spotify released annually since 2016 between Novemb
  ID: 1 The Agency is an American spy thriller television series from Paramount+ with Showtime produced by G
  ID: 9 This is a list of countries and dependencies by population. It includes sovereign states, inhabited 
