Embedding file: /home/hberens/openfhe/naive_rag/query_embedding.txt
Faiss file: /home/hberens/openfhe/naive_rag/timing_experiments/experiment_09/subset.faiss
Database file: /home/hberens/openfhe/naive_rag/timing_experiments/experiment_09/subset.csv
Index loaded successfully!
Number of vectors: 10
Dimension: 768
Is trained: yes
Generating key pair... 
Generating mult keys... 
Generating sum keys... 
Generating rotation keys... 
CKKS scheme set up (depth = 21, batch size = 32768)
Configured DB size: 10
Distance threshold: 0.61
Processing vector 0 / 10

Timing summary (encrypted pipeline)
  Running total (start -> encrypted output): 54079 ms
  Initialization (query encrypt + query/db squaring + -2 vector prep): 141 ms
  Distance calculation (-2<d,e> + d^2 + e^2, no sq/encrypt/decrypt): 312 ms
  Thresholding: 33517 ms
Threshold agreement: 9 / 10 (90%)
Number of solutions 0
0
0
0
0
0
0
0
0
0
0

Top 10 nearest neighbors:
  ID: 6 The Hunt is a 2020 American action horror film directed by Craig Zobel and written by Nick Cuse and 
  ID: 0 Twisters is a 2024 American disaster film directed by Lee Isaac Chung from a screenplay by Mark L. S
  ID: 3 Syracuse University (informally 'Cuse or SU) is a private research university in Syracuse, New York,
  ID: 9 Bronson Rechsteiner (born October 24, 1997) is an American professional wrestler and former football
  ID: 5 Casualties in the Russo-Ukrainian War include six deaths during the 2014 annexation of Crimea by the
  ID: 4 Jake Steinfeld (born February 21, 1958) is an American actor, fitness personality, entrepreneur, and
  ID: 1 Joshua Kushner (born June 12, 1985) is an American businessman and investor. He is the founder and m
  ID: 2 The Ohio State Buckeyes college football team represents the Ohio State University in the East Divis
  ID: 8 Matthew Wayne Shepard (December 1, 1976 – October 12, 1998) was an American student at the Universit
  ID: 7 Kevin Hanchard (born July 4, 1974) is a Canadian actor, best known for his roles as Detective Arthur
