Embedding file: /home/hberens/openfhe/naive_rag/query_embedding.txt
Faiss file: /home/hberens/openfhe/naive_rag/timing_experiments/experiment_07/subset.faiss
Database file: /home/hberens/openfhe/naive_rag/timing_experiments/experiment_07/subset.csv
Index loaded successfully!
Number of vectors: 10
Dimension: 768
Is trained: yes
Generating key pair... 
Generating mult keys... 
Generating sum keys... 
Generating rotation keys... 
CKKS scheme set up (depth = 11, batch size = 16384)
Configured DB size: 10
Distance threshold (d^2): 0.61
Processing vector 0 / 10

Timing summary (encrypted pipeline)
  Running total (start -> encrypted output): 12105 ms
  Initialization (query encrypt + query/db squaring; -2d applied in plaintext per DB vector): 46 ms
  Distance calculation (<e,-2d> sum + d^2 + e^2, no decrypt): 5834 ms
  Thresholding: 5867 ms
Threshold agreement: 9 / 10 (90%)
Number of solutions 0
0
0
0
0
0
0
0
0
0
0

Top 10 nearest neighbors:
  ID: 2 Max Emilian Verstappen (; born 30 September 1997) is a Dutch and Belgian racing driver, who competes
  ID: 4 Syracuse University (informally 'Cuse or SU) is a private research university in Syracuse, New York,
  ID: 8 Jennifer Grey (born March 26, 1960) is an American actress. She made her acting debut with the film 
  ID: 6 Jodie Turner-Smith (born 7 September 1986) is a British actress. She made her feature film debut in 
  ID: 1 Linda Edna Cardellini (born June 25, 1975) is an American actress. In television, she is known for h
  ID: 9 The Lennon Sisters are an American vocal group that has been made up, at one time or another, of thr
  ID: 5 Furman University is a private university in Greenville, South Carolina, United States. Founded in 1
  ID: 3 Michael James Way (born September 10, 1980) is an American musician and songwriter, best known as th
  ID: 7 Mikaela Mikey Madison Rosberg (born March 25, 1999) is an American actress. She began her career act
  ID: 0 John Fitzgerald Kennedy (May 29, 1917 – November 22, 1963), also known as JFK, was the 35th presiden
