Embedding file: /home/hberens/openfhe/naive_rag/query_embedding.txt
Faiss file: /home/hberens/openfhe/naive_rag/timing_experiments/experiment_03/subset.faiss
Database file: /home/hberens/openfhe/naive_rag/timing_experiments/experiment_03/subset.csv
Index loaded successfully!
Number of vectors: 10
Dimension: 768
Is trained: yes
Generating key pair... 
Generating mult keys... 
Generating sum keys... 
Generating rotation keys... 
CKKS scheme set up (depth = 21, batch size = 32768)
Configured DB size: 10
Distance threshold: 0.61
Processing vector 0 / 10

Timing summary (encrypted pipeline)
  Running total (start -> encrypted output): 54026 ms
  Initialization (query encrypt + query/db squaring + -2 vector prep): 133 ms
  Distance calculation (-2<d,e> + d^2 + e^2, no sq/encrypt/decrypt): 311 ms
  Thresholding: 33480 ms
Threshold agreement: 9 / 10 (90%)
Number of solutions 0
0
0
0
0
0
0
0
0
0
0

Top 10 nearest neighbors:
  ID: 6 Monkey Man is a 2024 action thriller film directed and produced by Dev Patel in his directorial debu
  ID: 2 Bonhoeffer (released as Bonhoeffer: Pastor. Spy. Assassin.) is a controversial 2024 historical drama
  ID: 4 Speak No Evil is a 2024 American psychological horror thriller film written and directed by James Wa
  ID: 0 The Substance is a 2024 body horror film written and directed by Coralie Fargeat. It follows a fadin
  ID: 3 Comedian is a 2019 artwork by Italian artist Maurizio Cattelan. Created in an edition of three (with
  ID: 7 Madeira ( ; ), officially the Autonomous Region of Madeira (), is an autonomous region of Portugal. 
  ID: 5 Alix Ashley Earle (born December 16, 2000) is an American social media personality who rose to popul
  ID: 1 Coleen Mary Rooney ( McLoughlin; born 3 April 1986) is an English media personality. She is married 
  ID: 8 Renée Kathleen Zellweger ( ; born April 25, 1969) is an American actress. The recipient of various a
  ID: 9 Rebel Ridge is a 2024 American action thriller film written, produced, directed and edited by Jeremy
